<div class="flex flex-col w-full">
            <label for="complex-input" class="text-red-800 dark:text-red-200 font-semibold ml-1">
            Snapshot
        </label>
    
    <div 
    x-data="{
        value: '',
        showPassword: false,
        copySuccess: false,
        clear() {
            this.value = '';
            this.$refs.input.value = '';
            this.$refs.input.dispatchEvent(new Event('input'));
        },
        copyToClipboard() {
            navigator.clipboard.writeText(this.$refs.input.value).then(() => {
                this.copySuccess = true;
                setTimeout(() => this.copySuccess = false, 1000);
            });
        },
    }"
    x-init="
            value = $refs.input.value;
            $refs.input.addEventListener('input', () => {
                value = $refs.input.value;
            });
            $nextTick(() => {
                value = $refs.input.value;
            });
        "
    class="flex items-center w-full group relative"
>
    <div
        class="flex items-center group w-full rounded transition-all shadow-sm
            bg-red-50 dark:bg-red-950/60
            border border-red-300 dark:border-red-600
            focus-within:ring-2 focus-within:ring-red-500 focus-within:border-red-500
            disabled:bg-red-100 dark:bg-red-950
            
            px-4
            h-12"
            >
        
                    <div class="flex items-center space-x-2 h-full pr-2 beartropy-inputbase-start-slot">
                <span class="flex items-center text-neutral-400 dark:text-neutral-500">
                        <svg class="w-6 h-6" xmlns="http://www.w3.org/2000/svg" fill="none" viewBox="0 0 24 24" stroke-width="1.5" stroke="currentColor" aria-hidden="true" data-slot="icon">
  <path stroke-linecap="round" stroke-linejoin="round" d="M12 4.5v15m7.5-7.5h-15"/>
</svg>                    </span>
                                
                                    <span class="snap-start">START</span>
            </div>
        
        <div class="w-full h-full flex items center" wire:ignore>
            <input 
                x-ref="input"
                x-bind:type="(typeof showPassword !== 'undefined' && showPassword) ? 'text' : 'password'"
                class="flex-1 bg-transparent outline-none border-none shadow-none beartropy-input
                    text-lg
                    text-red-800 dark:text-red-200
                    placeholder:text-red-400 dark:placeholder:text-red-600
                    disabled:text-red-400 dark:text-red-700"
                placeholder=""
                aria-invalid="false" id="complex-input" custom-error="" hint="" x-model="value" value="123456" red="red" lg="lg"
            >
        </div>

        
                    <div class="flex items-center h-full space-x-2 pl-1 beartropy-inputbase-end-slot">
                <button
                    type="button"
                    x-show="value.length > 0"
                    x-on:click="clear"
                    tabindex="-1"
                    aria-label="Clear"
                >
                    <svg class="shrink-0 text-gray-700 dark:text-gray-400 hover:text-red-600 dark:hover:text-red-400 w-6 h-6 focus:outline-none" tabindex="0" fill="currentColor" stroke="currentColor" stroke-width="2" viewBox="0 0 24 24">
    <path d="M18 6 6 18M6 6l12 12"/>
</svg>
                </button>
            
            
                            <button
                    type="button"
                    x-on:click="copyToClipboard"
                    x-tooltip.raw="Copiar"
                    tabindex="-1"
                    aria-label="Copiar al portapapeles"
                >
                    <span x-show="!copySuccess">
                        <svg class="shrink-0 text-gray-700 dark:text-gray-400 hover:text-blue-600 dark:hover:text-blue-400 w-6 h-6 focus:outline-none" tabindex="0" fill="none" stroke="currentColor" stroke-width="2" viewBox="0 0 24 24">
    <rect x="9" y="9" width="13" height="13" rx="2"/>
    <path d="M5 15H4a2 2 0 0 1-2-2V4a2 2 0 0 1 2-2h9a2 2 0 0 1 2 2v1"/>
</svg>
                    </span>
                    <span x-show="copySuccess" class="text-green-500">
                        <svg class="shrink-0 w-6 h-6 focus:outline-none" tabindex="0" fill="none" stroke="currentColor" stroke-width="2" viewBox="0 0 24 24">
    <path d="M5 13l4 4L19 7"/>
</svg>
                    </span>
                </button>
            
            
                            <button
                    type="button"
                    x-on:click="showPassword = !showPassword"
                    tabindex="-1"
                    :aria-label="showPassword ? 'Hide password' : 'Show password'"
                >
                    <span x-show="!showPassword">
                        <svg class="shrink-0 text-gray-700 dark:text-gray-400 hover:text-yellow-600 dark:hover:text-yellow-400 w-6 h-6 focus:outline-none" tabindex="0" fill="none" stroke="currentColor" stroke-width="2" viewBox="0 0 24 24">
    <path d="M1 12S5 4 12 4s11 8 11 8-4 8-11 8S1 12 1 12Z"/>
    <circle cx="12" cy="12" r="3"/>
</svg>
                    </span>
                    <span x-show="showPassword">
                        <svg class="shrink-0 text-gray-700 dark:text-gray-400 hover:text-yellow-600 dark:hover:text-yellow-400 w-6 h-6 focus:outline-none" tabindex="0" fill="none" stroke="currentColor" stroke-width="2" viewBox="0 0 24 24">
    <path d="M13.875 18.825A10.05 10.05 0 0 1 12 19c-7 0-11-7-11-7a21.05 21.05 0 0 1 3.94-4.58m3.67-2.59C10.58 4.44 11.29 4 12 4c7 0 11 8 11 8a20.87 20.87 0 0 1-4.19 5.31"/>
    <line x1="1" y1="1" x2="23" y2="23"/>
</svg>
                    </span>
                </button>
            
                            <span>
                    <svg class="w-6 h-6" xmlns="http://www.w3.org/2000/svg" fill="none" viewBox="0 0 24 24" stroke-width="1.5" stroke="currentColor" aria-hidden="true" data-slot="icon">
  <path stroke-linecap="round" stroke-linejoin="round" d="M15.75 6a3.75 3.75 0 1 1-7.5 0 3.75 3.75 0 0 1 7.5 0ZM4.501 20.118a7.5 7.5 0 0 1 14.998 0A17.933 17.933 0 0 1 12 21.75c-2.676 0-5.216-.584-7.499-1.632Z"/>
</svg>                </span>
            
            
                            <span class="snap-end">END</span>
            </div>
            </div>

</div>

    <p class="text-sm ml-1 mt-0.5  invisible">
     
</p>
</div>
    